// Jest Snapshot v1, https://goo.gl/fbAQLP

exports[`Pruebas en HomeScreen debe de mostrar el componente correctamente 1`] = `
<div>
  <h1>
    HomeScreen
  </h1>
  <hr />
  <pre>
    {
   "name": "Lsianny",
   "email": "l.andrespg11@gmail.com"
}
  </pre>
</div>
`;
